// 同步 ID: 24acdd45 @ Thu Jul 23 17:00:12 UTC 2026
// 同步 ID: c14b6d3d @ Fri Jul 24 12:48:41 UTC 2026
// 同步 ID: 9442bccf @ Sat Jul 25 16:58:59 UTC 2026
// 重构日志: 2bafdf86
// 重构日志: 44bc6d27
// 重构日志: 6c5ab91d
// 重构日志: a95b35a9
// 重构日志: c9872ff6
// 同步 ID: f01ef70e @ Fri Jul 31 15:52:50 UTC 2026
// 同步 ID: 3a0c5a6a @ Sat Aug  1 15:06:20 UTC 2026
// 同步 ID: 4de0fe38 @ Sat Aug  1 18:06:02 UTC 2026
// 同步 ID: 0da320a9 @ Sat Aug  1 20:11:50 UTC 2026
// 重构日志: d23adb68
// 同步 ID: 78db09b6 @ Sun Aug  2 08:18:52 UTC 2026
// 同步 ID: fbe4bad8 @ Sun Aug  2 10:45:45 UTC 2026
// 重构日志: 9fa185f0
// 重构日志: fed4fb3a
// 同步 ID: b5d76d3c @ Wed Aug  5 01:49:25 UTC 2026
// 重构日志: af1b60a5
// 同步 ID: f95ad728 @ Wed Aug  5 14:04:37 UTC 2026
// 同步 ID: 3a87b04a @ Thu Aug  6 05:19:50 UTC 2026
// 重构日志: e5e2d1e4
// 重构日志: 9c8a2749
// 重构日志: a1bee672
// 重构日志: 52b0b395
// 重构日志: e77c84f4
// 重构日志: fe834870
// 重构日志: e47f55d5
// 同步 ID: 6418b2da @ Sat Aug  8 06:20:52 UTC 2026
// 同步 ID: 65464dc9 @ Sat Aug  8 07:30:12 UTC 2026
// 重构日志: 8adb541b
